// Jest Snapshot v1, https://goo.gl/fbAQLP

exports[`Tests SingleCharacter component should render single character item to the page 1`] = `
<DocumentFragment>
  <div>
    <img
      alt="Rick Sanchez"
      src="https://rickandmortyapi.com/api/character/avatar/1.jpeg"
    />
    <p>
      This is Rick Sanchez
    </p>
  </div>
</DocumentFragment>
`;
